------------------------------------------------------------
Timing Analyzer Summary
------------------------------------------------------------

Type  : Slow 1100mV 85C Model Setup 'clk'
Slack : -4.203
TNS   : -2905.383

Type  : Slow 1100mV 85C Model Hold 'clk'
Slack : 0.241
TNS   : 0.000

Type  : Slow 1100mV 85C Model Minimum Pulse Width 'clk'
Slack : 3.857
TNS   : 0.000

Type  : Slow 1100mV 0C Model Setup 'clk'
Slack : -4.054
TNS   : -2716.213

Type  : Slow 1100mV 0C Model Hold 'clk'
Slack : 0.206
TNS   : 0.000

Type  : Slow 1100mV 0C Model Minimum Pulse Width 'clk'
Slack : 3.813
TNS   : 0.000

Type  : Fast 1100mV 85C Model Setup 'clk'
Slack : 1.133
TNS   : 0.000

Type  : Fast 1100mV 85C Model Hold 'clk'
Slack : 0.155
TNS   : 0.000

Type  : Fast 1100mV 85C Model Minimum Pulse Width 'clk'
Slack : 3.791
TNS   : 0.000

Type  : Fast 1100mV 0C Model Setup 'clk'
Slack : 2.073
TNS   : 0.000

Type  : Fast 1100mV 0C Model Hold 'clk'
Slack : 0.121
TNS   : 0.000

Type  : Fast 1100mV 0C Model Minimum Pulse Width 'clk'
Slack : 3.784
TNS   : 0.000

------------------------------------------------------------
