Flow report for PDSCHTx
Thu Jan 15 01:52:00 2026
Quartus Prime Version 25.1std.0 Build 1129 10/21/2025 SC Lite Edition


---------------------
; Table of Contents ;
---------------------
  1. Legal Notice
  2. Flow Summary
  3. Flow Settings
  4. Flow Non-Default Global Settings
  5. Flow Elapsed Time
  6. Flow OS Summary
  7. Flow Log
  8. Flow Messages
  9. Flow Suppressed Messages



----------------
; Legal Notice ;
----------------
Copyright (C) 2025  Altera Corporation. All rights reserved.
Your use of Altera Corporation's design tools, logic functions 
and other software and tools, and any partner logic 
functions, and any output files from any of the foregoing 
(including device programming or simulation files), and any 
associated documentation or information are expressly subject 
to the terms and conditions of the Altera Program License 
Subscription Agreement, the Altera Quartus Prime License Agreement,
the Altera IP License Agreement, or other applicable license
agreement, including, without limitation, that your use is for
the sole purpose of programming logic devices manufactured by
Altera and sold by Altera or its authorized distributors.  Please
refer to the Altera Software License Subscription Agreements 
on the Quartus Prime software download page.



+-----------------------------------------------------------------------------------+
; Flow Summary                                                                      ;
+---------------------------------+-------------------------------------------------+
; Flow Status                     ; Successful - Thu Jan 15 01:52:00 2026           ;
; Quartus Prime Version           ; 25.1std.0 Build 1129 10/21/2025 SC Lite Edition ;
; Revision Name                   ; PDSCHTx                                         ;
; Top-level Entity Name           ; PDSCHTx                                         ;
; Family                          ; Cyclone V                                       ;
; Device                          ; 5CSXFC6D6F31C6                                  ;
; Timing Models                   ; Final                                           ;
; Logic utilization (in ALMs)     ; 12,177 / 41,910 ( 29 % )                        ;
; Total registers                 ; 6805                                            ;
; Total pins                      ; 162 / 499 ( 32 % )                              ;
; Total virtual pins              ; 0                                               ;
; Total block memory bits         ; 393,216 / 5,662,720 ( 7 % )                     ;
; Total DSP Blocks                ; 5 / 112 ( 4 % )                                 ;
; Total HSSI RX PCSs              ; 0 / 9 ( 0 % )                                   ;
; Total HSSI PMA RX Deserializers ; 0 / 9 ( 0 % )                                   ;
; Total HSSI TX PCSs              ; 0 / 9 ( 0 % )                                   ;
; Total HSSI PMA TX Serializers   ; 0 / 9 ( 0 % )                                   ;
; Total PLLs                      ; 0 / 15 ( 0 % )                                  ;
; Total DLLs                      ; 0 / 4 ( 0 % )                                   ;
+---------------------------------+-------------------------------------------------+


+-----------------------------------------+
; Flow Settings                           ;
+-------------------+---------------------+
; Option            ; Setting             ;
+-------------------+---------------------+
; Start date & time ; 01/15/2026 01:41:08 ;
; Main task         ; Compilation         ;
; Revision Name     ; PDSCHTx             ;
+-------------------+---------------------+


+-------------------------------------------------------------------------------------------------------------------------------------------------+
; Flow Non-Default Global Settings                                                                                                                ;
+--------------------------------------+----------------------------------------+---------------+-------------+-----------------------------------+
; Assignment Name                      ; Value                                  ; Default Value ; Entity Name ; Section Id                        ;
+--------------------------------------+----------------------------------------+---------------+-------------+-----------------------------------+
; COMPILER_SIGNATURE_ID                ; 10995770589192.176843766808712         ; --            ; --          ; --                                ;
; EDA_DESIGN_INSTANCE_NAME             ; NA                                     ; --            ; --          ; test_LDPC_encode                  ;
; EDA_DESIGN_INSTANCE_NAME             ; NA                                     ; --            ; --          ; test_crc_serial                   ;
; EDA_DESIGN_INSTANCE_NAME             ; NA                                     ; --            ; --          ; test_LDPC_prep                    ;
; EDA_DESIGN_INSTANCE_NAME             ; NA                                     ; --            ; --          ; test_crc_cb                       ;
; EDA_DESIGN_INSTANCE_NAME             ; NA                                     ; --            ; --          ; test_PDSCH                        ;
; EDA_DESIGN_INSTANCE_NAME             ; NA                                     ; --            ; --          ; test_crc_tb                       ;
; EDA_GENERATE_FUNCTIONAL_NETLIST      ; Off                                    ; --            ; --          ; eda_board_design_timing           ;
; EDA_GENERATE_FUNCTIONAL_NETLIST      ; Off                                    ; --            ; --          ; eda_board_design_boundary_scan    ;
; EDA_GENERATE_FUNCTIONAL_NETLIST      ; Off                                    ; --            ; --          ; eda_board_design_signal_integrity ;
; EDA_GENERATE_FUNCTIONAL_NETLIST      ; Off                                    ; --            ; --          ; eda_board_design_symbol           ;
; EDA_NATIVELINK_GENERATE_SCRIPT_ONLY  ; Off                                    ; --            ; --          ; eda_simulation                    ;
; EDA_NATIVELINK_SIMULATION_TEST_BENCH ; test_PDSCH                             ; --            ; --          ; eda_simulation                    ;
; EDA_NETLIST_WRITER_OUTPUT_DIR        ; simulation                             ; --            ; --          ; eda_simulation                    ;
; EDA_OUTPUT_DATA_FORMAT               ; Verilog Hdl                            ; --            ; --          ; eda_simulation                    ;
; EDA_SIMULATION_TOOL                  ; Questa Altera FPGA (Verilog)           ; <None>        ; --          ; --                                ;
; EDA_TEST_BENCH_ENABLE_STATUS         ; TEST_BENCH_MODE                        ; --            ; --          ; eda_simulation                    ;
; EDA_TEST_BENCH_FILE                  ; rtl/LDPC_encode.v                      ; --            ; --          ; test_LDPC_encode                  ;
; EDA_TEST_BENCH_FILE                  ; test_bench/test_LDPC_encode.sv         ; --            ; --          ; test_LDPC_encode                  ;
; EDA_TEST_BENCH_FILE                  ; rtl/memory/BG1_col_idx.memh            ; --            ; --          ; test_LDPC_encode                  ;
; EDA_TEST_BENCH_FILE                  ; rtl/memory/BG1_info.txt                ; --            ; --          ; test_LDPC_encode                  ;
; EDA_TEST_BENCH_FILE                  ; rtl/memory/BG1_row_ptr.memh            ; --            ; --          ; test_LDPC_encode                  ;
; EDA_TEST_BENCH_FILE                  ; rtl/memory/BG1_shift.memh              ; --            ; --          ; test_LDPC_encode                  ;
; EDA_TEST_BENCH_FILE                  ; rtl/memory/BG1_zc_list.memh            ; --            ; --          ; test_LDPC_encode                  ;
; EDA_TEST_BENCH_FILE                  ; rtl/memory/BG2_col_idx.memh            ; --            ; --          ; test_LDPC_encode                  ;
; EDA_TEST_BENCH_FILE                  ; rtl/memory/BG2_info.txt                ; --            ; --          ; test_LDPC_encode                  ;
; EDA_TEST_BENCH_FILE                  ; rtl/memory/BG2_row_ptr.memh            ; --            ; --          ; test_LDPC_encode                  ;
; EDA_TEST_BENCH_FILE                  ; rtl/memory/BG2_shift.memh              ; --            ; --          ; test_LDPC_encode                  ;
; EDA_TEST_BENCH_FILE                  ; rtl/memory/BG2_zc_list.memh            ; --            ; --          ; test_LDPC_encode                  ;
; EDA_TEST_BENCH_FILE                  ; rtl/crc_serial.v                       ; --            ; --          ; test_crc_serial                   ;
; EDA_TEST_BENCH_FILE                  ; test_bench/test_crc_serial.sv          ; --            ; --          ; test_crc_serial                   ;
; EDA_TEST_BENCH_FILE                  ; rtl/Ceil.v                             ; --            ; --          ; test_LDPC_prep                    ;
; EDA_TEST_BENCH_FILE                  ; rtl/crc_serial.v                       ; --            ; --          ; test_LDPC_prep                    ;
; EDA_TEST_BENCH_FILE                  ; rtl/crc_cb_parallel.v                  ; --            ; --          ; test_LDPC_prep                    ;
; EDA_TEST_BENCH_FILE                  ; rtl/crc_update.v                       ; --            ; --          ; test_LDPC_prep                    ;
; EDA_TEST_BENCH_FILE                  ; rtl/LDPC_prepv.v                       ; --            ; --          ; test_LDPC_prep                    ;
; EDA_TEST_BENCH_FILE                  ; test_bench/test_LDPC_prep.sv           ; --            ; --          ; test_LDPC_prep                    ;
; EDA_TEST_BENCH_FILE                  ; rtl/crc_serial.v                       ; --            ; --          ; test_crc_cb                       ;
; EDA_TEST_BENCH_FILE                  ; rtl/crc_update.v                       ; --            ; --          ; test_crc_cb                       ;
; EDA_TEST_BENCH_FILE                  ; rtl/crc_cb_parallel.v                  ; --            ; --          ; test_crc_cb                       ;
; EDA_TEST_BENCH_FILE                  ; test_bench/test_crc_cb.sv              ; --            ; --          ; test_crc_cb                       ;
; EDA_TEST_BENCH_FILE                  ; rtl/Ceil.v                             ; --            ; --          ; test_PDSCH                        ;
; EDA_TEST_BENCH_FILE                  ; rtl/crc_cb_parallel.v                  ; --            ; --          ; test_PDSCH                        ;
; EDA_TEST_BENCH_FILE                  ; rtl/crc_serial.v                       ; --            ; --          ; test_PDSCH                        ;
; EDA_TEST_BENCH_FILE                  ; rtl/crc_update.v                       ; --            ; --          ; test_PDSCH                        ;
; EDA_TEST_BENCH_FILE                  ; rtl/crc_tb_parallel.v                  ; --            ; --          ; test_PDSCH                        ;
; EDA_TEST_BENCH_FILE                  ; rtl/LDPC_encode.v                      ; --            ; --          ; test_PDSCH                        ;
; EDA_TEST_BENCH_FILE                  ; rtl/LDPC_prepv.v                       ; --            ; --          ; test_PDSCH                        ;
; EDA_TEST_BENCH_FILE                  ; rtl/PDSCHTx.v                          ; --            ; --          ; test_PDSCH                        ;
; EDA_TEST_BENCH_FILE                  ; test_bench/test_PDSCH.sv               ; --            ; --          ; test_PDSCH                        ;
; EDA_TEST_BENCH_FILE                  ; rtl/crc_update.v                       ; --            ; --          ; test_crc_tb                       ;
; EDA_TEST_BENCH_FILE                  ; rtl/crc_serial.v                       ; --            ; --          ; test_crc_tb                       ;
; EDA_TEST_BENCH_FILE                  ; rtl/crc_tb_parallel.v                  ; --            ; --          ; test_crc_tb                       ;
; EDA_TEST_BENCH_FILE                  ; test_bench/test_crc_tb.sv              ; --            ; --          ; test_crc_tb                       ;
; EDA_TEST_BENCH_MODULE_NAME           ; test_LDPC_encode                       ; --            ; --          ; test_LDPC_encode                  ;
; EDA_TEST_BENCH_MODULE_NAME           ; test_crc_serial                        ; --            ; --          ; test_crc_serial                   ;
; EDA_TEST_BENCH_MODULE_NAME           ; test_LDPC_prep                         ; --            ; --          ; test_LDPC_prep                    ;
; EDA_TEST_BENCH_MODULE_NAME           ; test_crc_cb                            ; --            ; --          ; test_crc_cb                       ;
; EDA_TEST_BENCH_MODULE_NAME           ; test_PDSCH                             ; --            ; --          ; test_PDSCH                        ;
; EDA_TEST_BENCH_MODULE_NAME           ; test_crc_tb                            ; --            ; --          ; test_crc_tb                       ;
; EDA_TEST_BENCH_NAME                  ; test_crc_serial                        ; --            ; --          ; eda_simulation                    ;
; EDA_TEST_BENCH_NAME                  ; test_crc_tb                            ; --            ; --          ; eda_simulation                    ;
; EDA_TEST_BENCH_NAME                  ; test_crc_cb                            ; --            ; --          ; eda_simulation                    ;
; EDA_TEST_BENCH_NAME                  ; test_LDPC_prep                         ; --            ; --          ; eda_simulation                    ;
; EDA_TEST_BENCH_NAME                  ; test_LDPC_encode                       ; --            ; --          ; eda_simulation                    ;
; EDA_TEST_BENCH_NAME                  ; test_PDSCH                             ; --            ; --          ; eda_simulation                    ;
; EDA_TIME_SCALE                       ; 1 ps                                   ; --            ; --          ; eda_simulation                    ;
; MAX_CORE_JUNCTION_TEMP               ; 85                                     ; --            ; --          ; --                                ;
; MIN_CORE_JUNCTION_TEMP               ; 0                                      ; --            ; --          ; --                                ;
; PARTITION_COLOR                      ; -- (Not supported for targeted family) ; --            ; --          ; Top                               ;
; PARTITION_FITTER_PRESERVATION_LEVEL  ; -- (Not supported for targeted family) ; --            ; --          ; Top                               ;
; PARTITION_NETLIST_TYPE               ; -- (Not supported for targeted family) ; --            ; --          ; Top                               ;
; POWER_BOARD_THERMAL_MODEL            ; None (CONSERVATIVE)                    ; --            ; --          ; --                                ;
; POWER_PRESET_COOLING_SOLUTION        ; 23 MM HEAT SINK WITH 200 LFPM AIRFLOW  ; --            ; --          ; --                                ;
; PROJECT_OUTPUT_DIRECTORY             ; output_files                           ; --            ; --          ; --                                ;
+--------------------------------------+----------------------------------------+---------------+-------------+-----------------------------------+


+--------------------------------------------------------------------------------------------------------------------------+
; Flow Elapsed Time                                                                                                        ;
+----------------------+--------------+-------------------------+---------------------+------------------------------------+
; Module Name          ; Elapsed Time ; Average Processors Used ; Peak Virtual Memory ; Total CPU Time (on all processors) ;
+----------------------+--------------+-------------------------+---------------------+------------------------------------+
; Analysis & Synthesis ; 00:00:24     ; 2.9                     ; 5095 MB             ; 00:00:51                           ;
; Fitter               ; 00:10:00     ; 1.2                     ; 8088 MB             ; 01:15:01                           ;
; Assembler            ; 00:00:06     ; 1.0                     ; 5013 MB             ; 00:00:06                           ;
; Timing Analyzer      ; 00:00:11     ; 6.2                     ; 5603 MB             ; 00:00:54                           ;
; EDA Netlist Writer   ; 00:00:03     ; 1.0                     ; 4888 MB             ; 00:00:03                           ;
; Total                ; 00:10:44     ; --                      ; --                  ; 01:16:55                           ;
+----------------------+--------------+-------------------------+---------------------+------------------------------------+


+------------------------------------------------------------------------------------+
; Flow OS Summary                                                                    ;
+----------------------+------------------+------------+------------+----------------+
; Module Name          ; Machine Hostname ; OS Name    ; OS Version ; Processor type ;
+----------------------+------------------+------------+------------+----------------+
; Analysis & Synthesis ; Stills           ; Windows 10 ; 10.0       ; x86_64         ;
; Fitter               ; Stills           ; Windows 10 ; 10.0       ; x86_64         ;
; Assembler            ; Stills           ; Windows 10 ; 10.0       ; x86_64         ;
; Timing Analyzer      ; Stills           ; Windows 10 ; 10.0       ; x86_64         ;
; EDA Netlist Writer   ; Stills           ; Windows 10 ; 10.0       ; x86_64         ;
+----------------------+------------------+------------+------------+----------------+


------------
; Flow Log ;
------------
quartus_map --read_settings_files=on --write_settings_files=off PDSCHTx -c PDSCHTx
quartus_fit --read_settings_files=off --write_settings_files=off PDSCHTx -c PDSCHTx
quartus_asm --read_settings_files=off --write_settings_files=off PDSCHTx -c PDSCHTx
quartus_sta PDSCHTx -c PDSCHTx
quartus_eda --read_settings_files=off --write_settings_files=off PDSCHTx -c PDSCHTx



